// Jest Snapshot v1, https://goo.gl/fbAQLP

exports[`App component renders App 1`] = `
<Fragment>
  <Header />
  <div
    className="cardsContainer"
  >
    <Character
      dateCreated="01/01/2018"
      gender="Male"
      id={10}
      image="https://rickandmortyapi.com/api/character/avatar/10.jpeg"
      key="10"
      lastLocation="Worldender's lair"
      name="Alan Rails"
      origin="unknown"
      species="Human, Superhuman (Ghost trains summoner)"
      status="Dead"
    />
    <Character
      dateCreated="01/01/2018"
      gender="Male"
      id={119}
      image="https://rickandmortyapi.com/api/character/avatar/119.jpeg"
      key="119"
      lastLocation="Citadel of Ricks"
      name="Evil Rick"
      origin="unknown"
      species="Humanoid, Robot"
      status="Dead"
    />
    <Character
      dateCreated="01/01/2018"
      gender="Male"
      id={124}
      image="https://rickandmortyapi.com/api/character/avatar/124.jpeg"
      key="124"
      lastLocation="Earth (Replacement Dimension)"
      name="Father Bob"
      origin="unknown"
      species="Human"
      status="Alive"
    />
    <Character
      dateCreated="01/01/2018"
      gender="Male"
      id={208}
      image="https://rickandmortyapi.com/api/character/avatar/208.jpeg"
      key="208"
      lastLocation="Worldender's lair"
      name="Logic"
      origin="unknown"
      species="Human"
      status="Alive"
    />
    <Character
      dateCreated="01/01/2018"
      gender="Male"
      id={295}
      image="https://rickandmortyapi.com/api/character/avatar/295.jpeg"
      key="295"
      lastLocation="Citadel of Ricks"
      name="Riq IV"
      origin="unknown"
      species="Human"
      status="Dead"
    />
    <Character
      dateCreated="01/01/2018"
      gender="Female"
      id={316}
      image="https://rickandmortyapi.com/api/character/avatar/316.jpeg"
      key="316"
      lastLocation="Interdimensional Cable"
      name="Shmlona Shmlobinson"
      origin="unknown"
      species="Human"
      status="Alive"
    />
    <Character
      dateCreated="01/01/2018"
      gender="Female"
      id={338}
      image="https://rickandmortyapi.com/api/character/avatar/338.jpeg"
      key="338"
      lastLocation="Earth (C-137)"
      name="Summer Smith"
      origin="Earth (C-137)"
      species="Human"
      status="Alive"
    />
    <Character
      dateCreated="01/01/2018"
      gender="Male"
      id={380}
      image="https://rickandmortyapi.com/api/character/avatar/380.jpeg"
      key="380"
      lastLocation="unknown"
      name="Weird Rick"
      origin="unknown"
      species="Human"
      status="unknown"
    />
  </div>
  <Footer />
</Fragment>
`;
